node.exe :  ÔÜá Warning: 
Next.js inferred your 
workspace root, but it may 
not be correct.
At line:1 char:1
+ & "C:\Program 
Files\nodejs/node.exe" "C:\U
sers\cprut\AppData\Roaming\ 
...
+ ~~~~~~~~~~~~~~~~~~~~~~~~~~
~~~~~~~~~~~~~~~~~~~~~~~~~~~~
~~~~~~~~~~~~~~~
    + CategoryInfo          
    : NotSpecified: ( ÔÜá   
  Warning: N...not be cor   
 rect.:String) [], Remot    
eException
    + FullyQualifiedErrorId 
    : NativeCommandError
 
 We detected multiple 
lockfiles and selected the 
directory of C:\Users\cprut\
package-lock.json as the 
root directory.
 To silence this warning, 
set `outputFileTracingRoot` 
in your Next.js config, or 
consider removing one of 
the lockfiles if it's not 
needed.
   See https://nextjs.org/do
cs/app/api-reference/config/
next-config-js/output#caveat
s for more information.
 Detected additional 
lockfiles: 
   * C:\Users\cprut\Desktop\
Projects\ARIA\openaria-web\p
ackage-lock.json

   Ôû▓ Next.js 15.5.9
   - Environments: .env
   - Experiments (use with caution):
     ┬À optimizePackageImports

   Creating an optimized production build ...
Failed to compile.

./App.tsx
Error:   [31mx[0m Return 
statement is not allowed 
here
     ,-[[36;1;4mC:\Users\cp
rut\Desktop\Projects\ARIA\op
enaria-web\App.tsx[0m:250:1
]
 [2m247[0m |       );
 [2m248[0m |     };
 [2m249[0m |     
 [2m250[0m | [35;1m,[0m
[35;1m-[0m[35;1m>[0m   
return (
 [2m251[0m | [35;1m|[0m 
      <header 
className={`fixed top-0 
left-0 right-0 z-40 
transition-all duration-300 
${scrolled ? 'bg-white/90 
backdrop-blur-md shadow-sm 
py-3' : 'bg-transparent 
py-5'}`}>
 [2m252[0m | [35;1m|[0m 
        <div 
className="max-w-7xl 
mx-auto px-4 sm:px-6 
lg:px-8 flex 
justify-between 
items-center">
 [2m253[0m | [35;1m|[0m 
          <div 
className="flex 
items-center gap-2 
cursor-pointer" onClick={() 
=> window.scrollTo({ top: 
0, behavior: 'smooth' })}>
 [2m254[0m | [35;1m|[0m 
            <div 
className="w-9 h-9 
rounded-xl bg-slate-900 
flex items-center 
justify-center text-white 
font-serif font-bold 
text-xl shadow-lg 
shadow-slate-900/10">
 [2m255[0m | [35;1m|[0m 
              A
 [2m256[0m | [35;1m|[0m 
            </div>
 [2m257[0m | [35;1m|[0m 
            <span 
className="font-semibold 
text-lg tracking-tight text-
slate-900">OpenAria</span>
 [2m258[0m | [35;1m|[0m 
          </div>
 [2m259[0m | [35;1m|[0m 
  
 [2m260[0m | [35;1m|[0m 
          {/* Desktop Nav 
*/}
 [2m261[0m | [35;1m|[0m 
          <nav 
className="hidden md:flex 
items-center gap-8">
 [2m262[0m | [35;1m|[0m 
            
{navLinks.map(link => (
 [2m263[0m | [35;1m|[0m 
              <a
 [2m264[0m | [35;1m|[0m 
                
key={link.name}
 [2m265[0m | [35;1m|[0m 
                
href={link.href}
 [2m266[0m | [35;1m|[0m 
                
onClick={(e) => 
handleNavClick(e, 
link.href)}
 [2m267[0m | [35;1m|[0m 
                
className="text-sm 
font-medium text-slate-600 
hover:text-slate-900 
transition-colors 
cursor-pointer"
 [2m268[0m | [35;1m|[0m 
              >
 [2m269[0m | [35;1m|[0m 
                {link.name}
 [2m270[0m | [35;1m|[0m 
              </a>
 [2m271[0m | [35;1m|[0m 
            ))}
 [2m272[0m | [35;1m|[0m 
          </nav>
 [2m273[0m | [35;1m|[0m 
  
 [2m274[0m | [35;1m|[0m 
          <div 
className="hidden md:flex 
items-center gap-4">
 [2m275[0m | [35;1m|[0m 
            <button 
onClick={() => 
onOpenForm()} 
className="text-sm 
font-medium text-slate-600 
hover:text-blue-600 
transition-colors">
 [2m276[0m | [35;1m|[0m 
              Talk with 
OpenAria
 [2m277[0m | [35;1m|[0m 
            </button>
 [2m278[0m | [35;1m|[0m 
            <Button 
size="sm" 
onClick={onOpenForm}>Get 
Started</Button>
 [2m279[0m | [35;1m|[0m 
          </div>
 [2m280[0m | [35;1m|[0m 
  
 [2m281[0m | [35;1m|[0m 
          {/* Mobile Menu 
Toggle */}
 [2m282[0m | [35;1m|[0m 
          <button 
className="md:hidden 
text-slate-900 p-2" 
onClick={() => setMobileMenu
Open(!mobileMenuOpen)}>
 [2m283[0m | [35;1m|[0m 
            {mobileMenuOpen 
? <X /> : <Menu />}
 [2m284[0m | [35;1m|[0m 
          </button>
 [2m285[0m | [35;1m|[0m 
        </div>
 [2m286[0m | [35;1m|[0m 
  
 [2m287[0m | [35;1m|[0m 
        {/* Mobile Nav */}
 [2m288[0m | [35;1m|[0m 
        {mobileMenuOpen && (
 [2m289[0m | [35;1m|[0m 
          <div 
className="md:hidden 
absolute top-full left-0 
right-0 bg-white border-b 
border-slate-100 p-6 
shadow-xl flex flex-col 
gap-6">
 [2m290[0m | [35;1m|[0m 
            
{navLinks.map(link => (
 [2m291[0m | [35;1m|[0m 
              <a
 [2m292[0m | [35;1m|[0m 
                
key={link.name}
 [2m293[0m | [35;1m|[0m 
                
href={link.href}
 [2m294[0m | [35;1m|[0m 
                
onClick={(e) => 
handleNavClick(e, 
link.href)}
 [2m295[0m | [35;1m|[0m 
                
className="text-xl 
font-medium text-slate-900 
cursor-pointer"
 [2m296[0m | [35;1m|[0m 
              >
 [2m297[0m | [35;1m|[0m 
                {link.name}
 [2m298[0m | [35;1m|[0m 
              </a>
 [2m299[0m | [35;1m|[0m 
            ))}
 [2m300[0m | [35;1m|[0m 
            <hr className="b
order-slate-100" />
 [2m301[0m | [35;1m|[0m 
            <Button 
variant="outline" fullWidth 
onClick={() => { 
setMobileMenuOpen(false); 
onOpenForm(); }}>Talk with 
OpenAria</Button>
 [2m302[0m | [35;1m|[0m 
            <Button 
fullWidth onClick={() => { 
setMobileMenuOpen(false); 
onOpenForm(); }}>Get 
Started</Button>
 [2m303[0m | [35;1m|[0m 
          </div>
 [2m304[0m | [35;1m|[0m 
        )}
 [2m305[0m | [35;1m|[0m 
      </header>
 [2m306[0m | [35;1m`[0m
[35;1m-[0m[35;1m>[0m   );
 [2m307[0m |     };
 [2m308[0m |     
 [2m308[0m |     // --- 
Main App ---
     `----
  [31mx[0m Expression 
expected
     ,-[[36;1;4mC:\Users\cp
rut\Desktop\Projects\ARIA\op
enaria-web\App.tsx[0m:307:1
]
 [2m304[0m |       )}
 [2m305[0m |     </header>
 [2m306[0m |   );
 [2m307[0m | };
     : [35;1m^[0m
 [2m308[0m | 
 [2m309[0m | // --- Main 
App ---
 [2m309[0m | 
     `----

Caused by:
    Syntax Error

Import trace for requested 
module:
./App.tsx
./app/page.tsx


> Build failed because of 
webpack errors
