app/solutions/[industry]/page.tsx(57,3): error TS6133: 'parent' is declared but its value is never read.
app/solutions/[industry]/page.tsx(121,46): error TS6133: 'index' is declared but its value is never read.
app/solutions/[industry]/page.tsx(216,9): error TS6133: 'canonicalUrl' is declared but its value is never read.
components/AICallAnsweringPage.tsx(2,10): error TS6133: 'Phone' is declared but its value is never read.
components/GetStartedModal.tsx(14,91): error TS6133: 'selectedPlan' is declared but its value is never read.
components/Navbar.tsx(12,54): error TS6133: 'onOpenLive' is declared but its value is never read.
components/Navbar.tsx(12,66): error TS6133: 'onNavigateLegal' is declared but its value is never read.
components/TestimonialCarousel.tsx(2,58): error TS6133: 'User' is declared but its value is never read.
